#0 building with "desktop-linux" instance using docker driver

#1 [internal] load build definition from Dockerfile
#1 transferring dockerfile: 1.48kB 0.0s done
#1 DONE 0.0s

#2 [internal] load metadata for docker.io/library/python:3.11-slim
#2 ...

#3 [auth] library/python:pull token for registry-1.docker.io
#3 DONE 0.0s

#2 [internal] load metadata for docker.io/library/python:3.11-slim
#2 DONE 2.0s

#4 [internal] load .dockerignore
#4 transferring context: 653B done
#4 DONE 0.0s

#5 [1/7] FROM docker.io/library/python:3.11-slim@sha256:94c50be2dc994b873b55bc123e95e6dbade08095b3dfd790f51c34de3f08cbb7
#5 resolve docker.io/library/python:3.11-slim@sha256:94c50be2dc994b873b55bc123e95e6dbade08095b3dfd790f51c34de3f08cbb7 0.0s done
#5 DONE 0.0s

#6 [internal] load build context
#6 transferring context: 241B done
#6 DONE 0.0s

#7 [2/7] WORKDIR /app
#7 CACHED

#8 [3/7] COPY requirements-serving.txt .
#8 CACHED

#9 [5/7] COPY model.py dataset.py export_model.py app.py ./
#9 CACHED

#10 [6/7] COPY models/faceforge_serving.pt ./models/faceforge_serving.pt
#10 CACHED

#11 [4/7] RUN pip install --no-cache-dir -r requirements-serving.txt
#11 CACHED

#12 [7/7] RUN useradd --create-home --uid 1000 appuser && chown -R appuser:appuser /app
#12 CACHED

#13 exporting to image
#13 exporting layers done
#13 exporting manifest sha256:7c45a6908b8e6b86564001d747c4f321fb7f36be7596dba25569e2b9c83ecf89 done
#13 exporting config sha256:47910779d43ca1a7e81db9f54166d8485df660df9014e73618dadf7bfac3030d done
#13 exporting attestation manifest sha256:3ec75312ceb723d803047fbb62ab05a5853514a88b27fda3dfaec1b086a7170d 0.0s done
#13 exporting manifest list sha256:f77699cb19619936641a0ce76238f3dc5fcfd374e340bf77680fdafbc86ac1cc
#13 exporting manifest list sha256:f77699cb19619936641a0ce76238f3dc5fcfd374e340bf77680fdafbc86ac1cc 0.0s done
#13 naming to docker.io/library/faceforge:latest done
#13 unpacking to docker.io/library/faceforge:latest done
#13 DONE 0.1s
